// Vitest Snapshot v1, https://vitest.dev/guide/snapshot.html

exports[`UserComponent > EL HTML se mantiene en las pruebas 1`] = `
"<div>
  <h1>Lista de usuarios</h1>
  <ul>
    <li>Juan Juan</li>
    <li>Juan Juan Juan</li>
    <li>Juan Juan Juan Juan</li>
  </ul>
</div>"
`;
